Poet Engine for Windows v0.1 
Materials: 20
Vertices: 574
Faces: 968
Allocated 6888 bytes of memory to vertices
Allocated 15488 bytes of memory to faces
Materials: 20
Vertices: 574
Faces: 968
Allocated 6888 bytes of memory to vertices
Allocated 15488 bytes of memory to faces
Materials: 20
Vertices: 574
Faces: 968
Allocated 6888 bytes of memory to vertices
Allocated 15488 bytes of memory to faces
Materials: 20
Vertices: 574
Faces: 968
Allocated 6888 bytes of memory to vertices
Allocated 15488 bytes of memory to faces
Materials: 20
Vertices: 574
Faces: 968
Allocated 6888 bytes of memory to vertices
Allocated 15488 bytes of memory to faces
